// Jest Snapshot v1, https://goo.gl/fbAQLP

exports[`NoteEditor works 1`] = `
.c0 {
  height: 100%;
  max-height: 100%;
  overflow: auto;
  padding: 0.5em 1em 1em 1em;
  border-left: #dedede solid 1px;
}

.c1 {
  margin-bottom: 1em;
  display: block;
  text-align: center;
  color: #555;
  font-size: 14px;
  font-weight: 300;
}

<div
  class="c0"
>
  <span
    class="c1"
  >
    23 June 2019 at 5:07 PM
  </span>
</div>
`;
