// Jest Snapshot v1, https://goo.gl/fbAQLP

exports[`NotesList it works 1`] = `
.c2 {
  font-size: 14px;
  padding: 1em 1em 1em 0;
  border-bottom: #dedede solid 1px;
}

.c3 {
  font-size: 15px;
  margin: 0;
  white-space: nowrap;
  overflow: hidden;
  text-overflow: ellipsis;
  width: 100%;
  line-height: 1.4;
}

.c5 {
  padding-right: 1em;
  white-space: nowrap;
}

.c4 {
  display: -webkit-box;
  display: -webkit-flex;
  display: -ms-flexbox;
  display: flex;
  -webkit-align-content: flex-start;
  -ms-flex-line-pack: start;
  align-content: flex-start;
}

.c6 {
  white-space: nowrap;
  overflow: hidden;
  text-overflow: ellipsis;
}

.c1 {
  background-color: #dfdfdd;
  padding-left: 1em;
}

.c7 {
  background-color: rgba(249,249,247,0);
  padding-left: 1em;
}

.c0 {
  max-height: 100%;
  overflow-y: auto;
}

<div
  class="react-contextmenu-wrapper"
>
  <div>
    <div
      class="c0"
    >
      <div
        style="opacity: 1; height: 66px;"
      >
        <div
          class="c1"
          data-flip-config="{\\"spring\\":{\\"stiffness\\":160,\\"damping\\":25},\\"translate\\":true,\\"scale\\":true,\\"opacity\\":true}"
          data-flip-id="0"
          data-portal-key="portal"
          data-testid="Note-0"
          draggable="true"
        >
          <div
            class="c2"
          >
            <h2
              class="c3"
            >
              Titolo 0
            </h2>
            <div
              class="c4"
            >
              <span
                class="c5"
              >
                Mocked
              </span>
              <span
                class="c6"
              >
                lorem ipsum foo bar sit dolor amen lorepsum foo bar sit dolor amen
              </span>
            </div>
          </div>
        </div>
      </div>
      <div
        style="opacity: 1; height: 66px;"
      >
        <div
          class="c7"
          data-flip-config="{\\"spring\\":{\\"stiffness\\":160,\\"damping\\":25},\\"translate\\":true,\\"scale\\":true,\\"opacity\\":true}"
          data-flip-id="1"
          data-portal-key="portal"
          data-testid="Note-1"
          draggable="true"
        >
          <div
            class="c2"
          >
            <h2
              class="c3"
            >
              Titolo 1
            </h2>
            <div
              class="c4"
            >
              <span
                class="c5"
              >
                Mocked
              </span>
              <span
                class="c6"
              >
                lorem ipsum foo bar sit
              </span>
            </div>
          </div>
        </div>
      </div>
    </div>
  </div>
</div>
`;
