// Jest Snapshot v1, https://goo.gl/fbAQLP

exports[`NotesList it works 1`] = `
.c0 {
  max-height: 100%;
  overflow-y: auto;
}

.c1 {
  background-color: #dfdfdd;
  padding-left: 1em;
}

.c7 {
  background-color: #f9f9f7;
  padding-left: 1em;
}

.c2 {
  font-size: 14px;
  padding: 1em 1em 1em 0;
  border-bottom: #dedede solid 1px;
}

.c3 {
  font-size: 15px;
  margin: 0;
  white-space: nowrap;
  overflow: hidden;
  text-overflow: ellipsis;
  width: 100%;
  line-height: 1.4;
}

.c4 {
  display: -webkit-box;
  display: -webkit-flex;
  display: -ms-flexbox;
  display: flex;
  -webkit-align-content: flex-start;
  -ms-flex-line-pack: start;
  align-content: flex-start;
}

.c5 {
  padding-right: 1em;
  white-space: nowrap;
}

.c6 {
  white-space: nowrap;
  overflow: hidden;
  text-overflow: ellipsis;
}

<div
  class="c0"
>
  <div
    class="c1"
  >
    <div
      class="c2"
    >
      <h2
        class="c3"
      >
        lorem ipsum foo bar sit dolor amen lorepsum foo bar sit dolor amen
      </h2>
      <div
        class="c4"
      >
        <span
          class="c5"
        >
          Mocked
        </span>
        <span
          class="c6"
        >
          No additional text
        </span>
      </div>
    </div>
  </div>
  <div
    class="c7"
  >
    <div
      class="c2"
    >
      <h2
        class="c3"
      >
        lorem ipsum foo bar sit
      </h2>
      <div
        class="c4"
      >
        <span
          class="c5"
        >
          Mocked
        </span>
        <span
          class="c6"
        >
          No additional text
        </span>
      </div>
    </div>
  </div>
</div>
`;
